---
source: app/src/db/repositories/worte/worte_test.rs
expression: res_1.snapshot()
---
[
    WorteSnapshot {
        id: 1,
        gram_type_id: [
            GramTypeSnapshot {
                id: 1,
                code: "noun_proper",
                name: "Nombre propio",
                created_at: "<created_at>",
                deleted_at: "<deleted_at>",
            },
        ],
        gender_id: Some(
            WorteGenderSnapshot {
                id: 1,
                gender: "Femenin",
                artikel: "die",
                created_at: "<created_at>",
                deleted_at: "<deleted_at>",
            },
        ),
        worte_de: "Hund",
        worte_es: "Perro",
        plural: Some(
            "Hunde",
        ),
        niveau_id: NiveauListeSnapshot {
            id: 1,
            niveau: "A2",
            created_at: "<created_at>",
            deleted_at: "<deleted_at>",
        },
        example_de: "Beispiel",
        example_es: "Ejemplo",
        verb_aux: None,
        trennbar: None,
        reflexiv: None,
        created_at: "<created_at>",
        deleted_at: "<deleted_at>",
    },
    WorteSnapshot {
        id: 2,
        gram_type_id: [
            GramTypeSnapshot {
                id: 2,
                code: "verb_main",
                name: "Verbo lexico",
                created_at: "<created_at>",
                deleted_at: "<deleted_at>",
            },
            GramTypeSnapshot {
                id: 3,
                code: "verb_modal",
                name: "Verbo modal",
                created_at: "<created_at>",
                deleted_at: "<deleted_at>",
            },
        ],
        gender_id: None,
        worte_de: "laufen",
        worte_es: "correr",
        plural: None,
        niveau_id: NiveauListeSnapshot {
            id: 2,
            niveau: "B1",
            created_at: "<created_at>",
            deleted_at: "<deleted_at>",
        },
        example_de: "Beispiel",
        example_es: "Ejemplo",
        verb_aux: Some(
            "sein",
        ),
        trennbar: Some(
            false,
        ),
        reflexiv: Some(
            false,
        ),
        created_at: "<created_at>",
        deleted_at: "<deleted_at>",
    },
]
