---
source: app/src/db/repositories/worte_gender/worte_gender_test.rs
expression: res_2.snapshot()
---
[
    WorteGenderSnapshot {
        id: 0,
        gender: "Maskuline test",
        artikel: "der test",
        created_at: "<created_at>",
        deleted_at: "<deleted_at>",
    },
    WorteGenderSnapshot {
        id: 1,
        gender: "Femenin test",
        artikel: "die test",
        created_at: "<created_at>",
        deleted_at: "<deleted_at>",
    },
    WorteGenderSnapshot {
        id: 2,
        gender: "Neutrum test",
        artikel: "das test",
        created_at: "<created_at>",
        deleted_at: "<deleted_at>",
    },
]
