---
source: app/src/db/repositories/worte/worte_test.rs
expression: res.snapshot()
---
[
    WorteSnapshot {
        id: 1,
        gram_type_id: [
            GramTypeSnapshot {
                id: 12,
                code: "adverb_sentence_connector",
                name: "Adverbio conector",
                created_at: "<created_at>",
                deleted_at: "<deleted_at>",
            },
            GramTypeSnapshot {
                id: 27,
                code: "conjunction_coordinating",
                name: "Conjuncion coordinante",
                created_at: "<created_at>",
                deleted_at: "<deleted_at>",
            },
        ],
        gender_id: None,
        worte_de: "weitergehen",
        worte_es: "seguir",
        plural: None,
        niveau_id: NiveauListeSnapshot {
            id: 1,
            niveau: "A2",
            created_at: "<created_at>",
            deleted_at: "<deleted_at>",
        },
        example_de: "Wir gehen weiter, bis wir zu Hause sind.",
        example_es: "Seguimos hasta llegar a casa.",
        verb_aux: Some(
            "sein",
        ),
        trennbar: Some(
            true,
        ),
        reflexiv: Some(
            false,
        ),
        created_at: "<created_at>",
        deleted_at: "<deleted_at>",
    },
    WorteSnapshot {
        id: 2,
        gram_type_id: [
            GramTypeSnapshot {
                id: 9,
                code: "adverb_place",
                name: "Adverbio lugar",
                created_at: "<created_at>",
                deleted_at: "<deleted_at>",
            },
            GramTypeSnapshot {
                id: 31,
                code: "particle_negation",
                name: "Particula negacion",
                created_at: "<created_at>",
                deleted_at: "<deleted_at>",
            },
        ],
        gender_id: None,
        worte_de: "müde werden",
        worte_es: "ponerse cansado",
        plural: None,
        niveau_id: NiveauListeSnapshot {
            id: 1,
            niveau: "A2",
            created_at: "<created_at>",
            deleted_at: "<deleted_at>",
        },
        example_de: "Ich werde nach der Arbeit immer müde.",
        example_es: "Siempre me pongo cansado después del trabajo.",
        verb_aux: Some(
            "sein",
        ),
        trennbar: Some(
            false,
        ),
        reflexiv: Some(
            false,
        ),
        created_at: "<created_at>",
        deleted_at: "<deleted_at>",
    },
    WorteSnapshot {
        id: 3,
        gram_type_id: [
            GramTypeSnapshot {
                id: 4,
                code: "verb_auxiliary",
                name: "Verbo auxiliar",
                created_at: "<created_at>",
                deleted_at: "<deleted_at>",
            },
        ],
        gender_id: Some(
            WorteGenderSnapshot {
                id: 1,
                gender: "Femenin",
                artikel: "die",
                created_at: "<created_at>",
                deleted_at: "<deleted_at>",
            },
        ),
        worte_de: "Frist",
        worte_es: "plazo (de entrega)",
        plural: Some(
            "Fristen",
        ),
        niveau_id: NiveauListeSnapshot {
            id: 2,
            niveau: "B1",
            created_at: "<created_at>",
            deleted_at: "<deleted_at>",
        },
        example_de: "Die Frist endet morgen.",
        example_es: "El plazo termina mañana.",
        verb_aux: None,
        trennbar: None,
        reflexiv: None,
        created_at: "<created_at>",
        deleted_at: "<deleted_at>",
    },
    WorteSnapshot {
        id: 4,
        gram_type_id: [
            GramTypeSnapshot {
                id: 15,
                code: "pronoun_reflexive",
                name: "Pronombre reflexivo",
                created_at: "<created_at>",
                deleted_at: "<deleted_at>",
            },
            GramTypeSnapshot {
                id: 22,
                code: "determiner_quantifier",
                name: "Determinante cuantificador",
                created_at: "<created_at>",
                deleted_at: "<deleted_at>",
            },
        ],
        gender_id: None,
        worte_de: "rausgehen",
        worte_es: "salir",
        plural: None,
        niveau_id: NiveauListeSnapshot {
            id: 1,
            niveau: "A2",
            created_at: "<created_at>",
            deleted_at: "<deleted_at>",
        },
        example_de: "Ich gehe kurz raus.",
        example_es: "Salgo un momento.",
        verb_aux: Some(
            "sein",
        ),
        trennbar: Some(
            true,
        ),
        reflexiv: Some(
            false,
        ),
        created_at: "<created_at>",
        deleted_at: "<deleted_at>",
    },
    WorteSnapshot {
        id: 5,
        gram_type_id: [
            GramTypeSnapshot {
                id: 2,
                code: "verb_main",
                name: "Verbo lexico",
                created_at: "<created_at>",
                deleted_at: "<deleted_at>",
            },
        ],
        gender_id: None,
        worte_de: "mehrere",
        worte_es: "varios",
        plural: None,
        niveau_id: NiveauListeSnapshot {
            id: 1,
            niveau: "A2",
            created_at: "<created_at>",
            deleted_at: "<deleted_at>",
        },
        example_de: "Ich habe mehrere Möglichkeiten.",
        example_es: "Tengo varias opciones.",
        verb_aux: None,
        trennbar: None,
        reflexiv: None,
        created_at: "<created_at>",
        deleted_at: "<deleted_at>",
    },
    WorteSnapshot {
        id: 6,
        gram_type_id: [
            GramTypeSnapshot {
                id: 6,
                code: "verb_reflexive",
                name: "Verbo reflexivo",
                created_at: "<created_at>",
                deleted_at: "<deleted_at>",
            },
        ],
        gender_id: None,
        worte_de: "wildfremd",
        worte_es: "totalmente desconocido",
        plural: None,
        niveau_id: NiveauListeSnapshot {
            id: 2,
            niveau: "B1",
            created_at: "<created_at>",
            deleted_at: "<deleted_at>",
        },
        example_de: "Ein wildfremder Mann hat mir geholfen.",
        example_es: "Un hombre totalmente desconocido me ayudó.",
        verb_aux: None,
        trennbar: None,
        reflexiv: None,
        created_at: "<created_at>",
        deleted_at: "<deleted_at>",
    },
    WorteSnapshot {
        id: 7,
        gram_type_id: [
            GramTypeSnapshot {
                id: 19,
                code: "pronoun_indefinite",
                name: "Pronombre indefinido",
                created_at: "<created_at>",
                deleted_at: "<deleted_at>",
            },
            GramTypeSnapshot {
                id: 33,
                code: "numeral_cardinal",
                name: "Numeral cardinal",
                created_at: "<created_at>",
                deleted_at: "<deleted_at>",
            },
        ],
        gender_id: None,
        worte_de: "bellen",
        worte_es: "ladrar",
        plural: None,
        niveau_id: NiveauListeSnapshot {
            id: 0,
            niveau: "A1",
            created_at: "<created_at>",
            deleted_at: "<deleted_at>",
        },
        example_de: "Der Hund bellt laut.",
        example_es: "El perro ladra fuerte.",
        verb_aux: Some(
            "haben",
        ),
        trennbar: Some(
            false,
        ),
        reflexiv: Some(
            false,
        ),
        created_at: "<created_at>",
        deleted_at: "<deleted_at>",
    },
    WorteSnapshot {
        id: 8,
        gram_type_id: [
            GramTypeSnapshot {
                id: 7,
                code: "adjective",
                name: "Adjetivo",
                created_at: "<created_at>",
                deleted_at: "<deleted_at>",
            },
        ],
        gender_id: None,
        worte_de: "komm heile zurück",
        worte_es: "regresa sano y salvo",
        plural: None,
        niveau_id: NiveauListeSnapshot {
            id: 2,
            niveau: "B1",
            created_at: "<created_at>",
            deleted_at: "<deleted_at>",
        },
        example_de: "Fahr vorsichtig und komm heile zurück.",
        example_es: "Conduce con cuidado y regresa sano y salvo.",
        verb_aux: None,
        trennbar: None,
        reflexiv: None,
        created_at: "<created_at>",
        deleted_at: "<deleted_at>",
    },
    WorteSnapshot {
        id: 9,
        gram_type_id: [
            GramTypeSnapshot {
                id: 11,
                code: "adverb_degree",
                name: "Adverbio grado",
                created_at: "<created_at>",
                deleted_at: "<deleted_at>",
            },
        ],
        gender_id: Some(
            WorteGenderSnapshot {
                id: 1,
                gender: "Femenin",
                artikel: "die",
                created_at: "<created_at>",
                deleted_at: "<deleted_at>",
            },
        ),
        worte_de: "Möglichkeit",
        worte_es: "oportunidad",
        plural: Some(
            "Möglichkeiten",
        ),
        niveau_id: NiveauListeSnapshot {
            id: 1,
            niveau: "A2",
            created_at: "<created_at>",
            deleted_at: "<deleted_at>",
        },
        example_de: "Das ist eine gute Möglichkeit.",
        example_es: "Esa es una buena oportunidad.",
        verb_aux: None,
        trennbar: None,
        reflexiv: None,
        created_at: "<created_at>",
        deleted_at: "<deleted_at>",
    },
    WorteSnapshot {
        id: 10,
        gram_type_id: [
            GramTypeSnapshot {
                id: 18,
                code: "pronoun_interrogative",
                name: "Pronombre interrogativo",
                created_at: "<created_at>",
                deleted_at: "<deleted_at>",
            },
        ],
        gender_id: None,
        worte_de: "Schiss",
        worte_es: "pánico",
        plural: None,
        niveau_id: NiveauListeSnapshot {
            id: 2,
            niveau: "B1",
            created_at: "<created_at>",
            deleted_at: "<deleted_at>",
        },
        example_de: "Ich habe keinen Schiss davor.",
        example_es: "No tengo pánico de eso.",
        verb_aux: None,
        trennbar: None,
        reflexiv: None,
        created_at: "<created_at>",
        deleted_at: "<deleted_at>",
    },
    WorteSnapshot {
        id: 11,
        gram_type_id: [
            GramTypeSnapshot {
                id: 14,
                code: "pronoun_possessive",
                name: "Pronombre posesivo",
                created_at: "<created_at>",
                deleted_at: "<deleted_at>",
            },
            GramTypeSnapshot {
                id: 29,
                code: "particle_modal",
                name: "Particula modal",
                created_at: "<created_at>",
                deleted_at: "<deleted_at>",
            },
        ],
        gender_id: None,
        worte_de: "sparen",
        worte_es: "ahorrar",
        plural: None,
        niveau_id: NiveauListeSnapshot {
            id: 1,
            niveau: "A2",
            created_at: "<created_at>",
            deleted_at: "<deleted_at>",
        },
        example_de: "Ich spare Geld für meinen Urlaub.",
        example_es: "Ahorro dinero para mis vacaciones.",
        verb_aux: Some(
            "haben",
        ),
        trennbar: Some(
            false,
        ),
        reflexiv: Some(
            false,
        ),
        created_at: "<created_at>",
        deleted_at: "<deleted_at>",
    },
]
