---
source: app/src/db/repositories/wort/wort_test.rs
expression: ss
---
[
    SnapshotWort {
        id: 1,
        gram_type: [
            AdverbSentenceConnector,
            ConjunctionCoordinating,
        ],
        gender: None,
        worte_de: "weitergehen",
        worte_es: "seguir",
        plural: None,
        niveau: A2,
        example_de: "Wir gehen weiter, bis wir zu Hause sind.",
        example_es: "Seguimos hasta llegar a casa.",
        verb_aux: Some(
            "sein",
        ),
        trennbar: Some(
            true,
        ),
        reflexiv: Some(
            false,
        ),
        created_at: "<created_at>",
        deleted_at: None,
    },
    SnapshotWort {
        id: 2,
        gram_type: [
            AdverbPlace,
            ParticleNegation,
        ],
        gender: None,
        worte_de: "müde werden",
        worte_es: "ponerse cansado",
        plural: None,
        niveau: A2,
        example_de: "Ich werde nach der Arbeit immer müde.",
        example_es: "Siempre me pongo cansado después del trabajo.",
        verb_aux: Some(
            "sein",
        ),
        trennbar: Some(
            false,
        ),
        reflexiv: Some(
            false,
        ),
        created_at: "<created_at>",
        deleted_at: None,
    },
    SnapshotWort {
        id: 3,
        gram_type: [
            VerbAuxiliary,
        ],
        gender: Some(
            Femenin,
        ),
        worte_de: "Frist",
        worte_es: "plazo (de entrega)",
        plural: Some(
            "Fristen",
        ),
        niveau: B1,
        example_de: "Die Frist endet morgen.",
        example_es: "El plazo termina mañana.",
        verb_aux: None,
        trennbar: None,
        reflexiv: None,
        created_at: "<created_at>",
        deleted_at: None,
    },
    SnapshotWort {
        id: 4,
        gram_type: [
            PronounReflexive,
            DeterminerQuantifier,
        ],
        gender: None,
        worte_de: "rausgehen",
        worte_es: "salir",
        plural: None,
        niveau: A2,
        example_de: "Ich gehe kurz raus.",
        example_es: "Salgo un momento.",
        verb_aux: Some(
            "sein",
        ),
        trennbar: Some(
            true,
        ),
        reflexiv: Some(
            false,
        ),
        created_at: "<created_at>",
        deleted_at: None,
    },
    SnapshotWort {
        id: 5,
        gram_type: [
            VerbMain,
        ],
        gender: None,
        worte_de: "mehrere",
        worte_es: "varios",
        plural: None,
        niveau: A2,
        example_de: "Ich habe mehrere Möglichkeiten.",
        example_es: "Tengo varias opciones.",
        verb_aux: None,
        trennbar: None,
        reflexiv: None,
        created_at: "<created_at>",
        deleted_at: None,
    },
    SnapshotWort {
        id: 6,
        gram_type: [
            VerbReflexive,
        ],
        gender: None,
        worte_de: "wildfremd",
        worte_es: "totalmente desconocido",
        plural: None,
        niveau: B1,
        example_de: "Ein wildfremder Mann hat mir geholfen.",
        example_es: "Un hombre totalmente desconocido me ayudó.",
        verb_aux: None,
        trennbar: None,
        reflexiv: None,
        created_at: "<created_at>",
        deleted_at: None,
    },
    SnapshotWort {
        id: 7,
        gram_type: [
            PronounIndefinite,
            NumeralCardinal,
        ],
        gender: None,
        worte_de: "bellen",
        worte_es: "ladrar",
        plural: None,
        niveau: A1,
        example_de: "Der Hund bellt laut.",
        example_es: "El perro ladra fuerte.",
        verb_aux: Some(
            "haben",
        ),
        trennbar: Some(
            false,
        ),
        reflexiv: Some(
            false,
        ),
        created_at: "<created_at>",
        deleted_at: None,
    },
    SnapshotWort {
        id: 8,
        gram_type: [
            Adjective,
        ],
        gender: None,
        worte_de: "komm heile zurück",
        worte_es: "regresa sano y salvo",
        plural: None,
        niveau: B1,
        example_de: "Fahr vorsichtig und komm heile zurück.",
        example_es: "Conduce con cuidado y regresa sano y salvo.",
        verb_aux: None,
        trennbar: None,
        reflexiv: None,
        created_at: "<created_at>",
        deleted_at: None,
    },
    SnapshotWort {
        id: 9,
        gram_type: [
            AdverbDegree,
        ],
        gender: Some(
            Femenin,
        ),
        worte_de: "Möglichkeit",
        worte_es: "oportunidad",
        plural: Some(
            "Möglichkeiten",
        ),
        niveau: A2,
        example_de: "Das ist eine gute Möglichkeit.",
        example_es: "Esa es una buena oportunidad.",
        verb_aux: None,
        trennbar: None,
        reflexiv: None,
        created_at: "<created_at>",
        deleted_at: None,
    },
    SnapshotWort {
        id: 10,
        gram_type: [
            PronounInterrogative,
        ],
        gender: None,
        worte_de: "Schiss",
        worte_es: "pánico",
        plural: None,
        niveau: B1,
        example_de: "Ich habe keinen Schiss davor.",
        example_es: "No tengo pánico de eso.",
        verb_aux: None,
        trennbar: None,
        reflexiv: None,
        created_at: "<created_at>",
        deleted_at: None,
    },
    SnapshotWort {
        id: 11,
        gram_type: [
            PronounPossessive,
            ParticleModal,
        ],
        gender: None,
        worte_de: "sparen",
        worte_es: "ahorrar",
        plural: None,
        niveau: A2,
        example_de: "Ich spare Geld für meinen Urlaub.",
        example_es: "Ahorro dinero para mis vacaciones.",
        verb_aux: Some(
            "haben",
        ),
        trennbar: Some(
            false,
        ),
        reflexiv: Some(
            false,
        ),
        created_at: "<created_at>",
        deleted_at: None,
    },
]
