---
source: app/src/db/repositories/setze/setze_test.rs
expression: res_1
---
[
    Snapshot {
        id: 1,
        setze_spanisch: "Hola",
        setze_deutsch: "Hallo",
        schwirigkeit_id: SchwirigkeitListeSnapshot {
            id: 1,
            schwirigkeit: "Normal",
            created_at: "<created_at>",
            deleted_at: "<deleted_at>",
        },
        thema: "Thema 1",
        created_at: "<created_at>",
        deleted_at: "<deleted_at>",
    },
    Snapshot {
        id: 2,
        setze_spanisch: "Adios",
        setze_deutsch: "Tschüss",
        schwirigkeit_id: SchwirigkeitListeSnapshot {
            id: 2,
            schwirigkeit: "Schwirig",
            created_at: "<created_at>",
            deleted_at: "<deleted_at>",
        },
        thema: "Thema 2",
        created_at: "<created_at>",
        deleted_at: "<deleted_at>",
    },
]
