---
source: app/src/db/repositories/setze/setze_test.rs
expression: res
---
[
    Snapshot {
        id: 2,
        setze_spanisch: "Adios",
        setze_deutsch: "Tschüss",
        niveau_id: NiveauSnapshot {
            id: 3,
            niveau: "B2",
            created_at: "<created_at>",
            deleted_at: "<deleted_at>",
        },
        thema: "Thema 2",
        created_at: "<created_at>",
        deleted_at: "<deleted_at>",
    },
]
