---
source: app/src/db/repositories/worte_audio/worte_audio_test.rs
expression: res_1
---
[
    Snapshot {
        wort_id: 1,
        file_path: "12345.mp3",
        voice_id: "voice_1",
        created_at: "<created_at>",
        deleted_at: "<deleted_at>",
    },
    Snapshot {
        wort_id: 2,
        file_path: "abcde.mp3",
        voice_id: "voice_2",
        created_at: "<created_at>",
        deleted_at: "<deleted_at>",
    },
]
