---
source: app/src/db/repositories/niveau_worte/niveau_worte_test.rs
expression: res_2
---
[
    Snapshot {
        id: 1,
        niveau: "C1",
        created_at: "<created_at>",
        deleted_at: "<deleted_at>",
    },
    Snapshot {
        id: 2,
        niveau: "C2",
        created_at: "<created_at>",
        deleted_at: "<deleted_at>",
    },
]
