---
source: app/src/db/repositories/niveau_liste/niveau_liste_test.rs
expression: res_2.snapshot()
---
[
    Snapshot {
        id: 0,
        niveau: "A1 test",
        created_at: "<created_at>",
        deleted_at: "<deleted_at>",
    },
    Snapshot {
        id: 1,
        niveau: "A2 test",
        created_at: "<created_at>",
        deleted_at: "<deleted_at>",
    },
    Snapshot {
        id: 2,
        niveau: "B1 test",
        created_at: "<created_at>",
        deleted_at: "<deleted_at>",
    },
]
