---
source: app/src/db/repositories/worte_gender/worte_gender_test.rs
expression: res_1
---
[
    Snapshot {
        id: 1,
        gender: "Maskulin",
        artikel: "der",
        created_at: "<created_at>",
        deleted_at: "<deleted_at>",
    },
    Snapshot {
        id: 2,
        gender: "Femenin",
        artikel: "die",
        created_at: "<created_at>",
        deleted_at: "<deleted_at>",
    },
    Snapshot {
        id: 3,
        gender: "Neutrum",
        artikel: "das",
        created_at: "<created_at>",
        deleted_at: "<deleted_at>",
    },
]
