---
source: app/src/db/repositories/gram_type/gram_type_test.rs
expression: res.snapshot()
---
[
    GramTypeSnapshot {
        id: 0,
        code: "noun_common",
        name: "Sustantivo comun",
        created_at: "<created_at>",
        deleted_at: "<deleted_at>",
    },
    GramTypeSnapshot {
        id: 1,
        code: "noun_proper",
        name: "Nombre propio",
        created_at: "<created_at>",
        deleted_at: "<deleted_at>",
    },
    GramTypeSnapshot {
        id: 2,
        code: "verb_main",
        name: "Verbo lexico",
        created_at: "<created_at>",
        deleted_at: "<deleted_at>",
    },
    GramTypeSnapshot {
        id: 3,
        code: "verb_modal",
        name: "Verbo modal",
        created_at: "<created_at>",
        deleted_at: "<deleted_at>",
    },
    GramTypeSnapshot {
        id: 4,
        code: "verb_auxiliary",
        name: "Verbo auxiliar",
        created_at: "<created_at>",
        deleted_at: "<deleted_at>",
    },
    GramTypeSnapshot {
        id: 5,
        code: "verb_separable",
        name: "Verbo separable",
        created_at: "<created_at>",
        deleted_at: "<deleted_at>",
    },
    GramTypeSnapshot {
        id: 6,
        code: "verb_reflexive",
        name: "Verbo reflexivo",
        created_at: "<created_at>",
        deleted_at: "<deleted_at>",
    },
    GramTypeSnapshot {
        id: 7,
        code: "adjective",
        name: "Adjetivo",
        created_at: "<created_at>",
        deleted_at: "<deleted_at>",
    },
    GramTypeSnapshot {
        id: 8,
        code: "adverb_time",
        name: "Adverbio tiempo",
        created_at: "<created_at>",
        deleted_at: "<deleted_at>",
    },
    GramTypeSnapshot {
        id: 9,
        code: "adverb_place",
        name: "Adverbio lugar",
        created_at: "<created_at>",
        deleted_at: "<deleted_at>",
    },
    GramTypeSnapshot {
        id: 10,
        code: "adverb_manner",
        name: "Adverbio modo",
        created_at: "<created_at>",
        deleted_at: "<deleted_at>",
    },
    GramTypeSnapshot {
        id: 11,
        code: "adverb_degree",
        name: "Adverbio grado",
        created_at: "<created_at>",
        deleted_at: "<deleted_at>",
    },
    GramTypeSnapshot {
        id: 12,
        code: "adverb_sentence_connector",
        name: "Adverbio conector",
        created_at: "<created_at>",
        deleted_at: "<deleted_at>",
    },
    GramTypeSnapshot {
        id: 13,
        code: "pronoun_personal",
        name: "Pronombre personal",
        created_at: "<created_at>",
        deleted_at: "<deleted_at>",
    },
    GramTypeSnapshot {
        id: 14,
        code: "pronoun_possessive",
        name: "Pronombre posesivo",
        created_at: "<created_at>",
        deleted_at: "<deleted_at>",
    },
    GramTypeSnapshot {
        id: 15,
        code: "pronoun_reflexive",
        name: "Pronombre reflexivo",
        created_at: "<created_at>",
        deleted_at: "<deleted_at>",
    },
    GramTypeSnapshot {
        id: 16,
        code: "pronoun_demonstrative",
        name: "Pronombre demostrativo",
        created_at: "<created_at>",
        deleted_at: "<deleted_at>",
    },
    GramTypeSnapshot {
        id: 17,
        code: "pronoun_relative",
        name: "Pronombre relativo",
        created_at: "<created_at>",
        deleted_at: "<deleted_at>",
    },
    GramTypeSnapshot {
        id: 18,
        code: "pronoun_interrogative",
        name: "Pronombre interrogativo",
        created_at: "<created_at>",
        deleted_at: "<deleted_at>",
    },
    GramTypeSnapshot {
        id: 19,
        code: "pronoun_indefinite",
        name: "Pronombre indefinido",
        created_at: "<created_at>",
        deleted_at: "<deleted_at>",
    },
    GramTypeSnapshot {
        id: 20,
        code: "article_definite",
        name: "Articulo definido",
        created_at: "<created_at>",
        deleted_at: "<deleted_at>",
    },
    GramTypeSnapshot {
        id: 21,
        code: "article_indefinite",
        name: "Articulo indefinido",
        created_at: "<created_at>",
        deleted_at: "<deleted_at>",
    },
    GramTypeSnapshot {
        id: 22,
        code: "determiner_quantifier",
        name: "Determinante cuantificador",
        created_at: "<created_at>",
        deleted_at: "<deleted_at>",
    },
    GramTypeSnapshot {
        id: 23,
        code: "preposition_dative",
        name: "Preposicion dativo",
        created_at: "<created_at>",
        deleted_at: "<deleted_at>",
    },
    GramTypeSnapshot {
        id: 24,
        code: "preposition_akkusative",
        name: "Preposicion acusativo",
        created_at: "<created_at>",
        deleted_at: "<deleted_at>",
    },
    GramTypeSnapshot {
        id: 25,
        code: "preposition_genitive",
        name: "Preposicion genitivo",
        created_at: "<created_at>",
        deleted_at: "<deleted_at>",
    },
    GramTypeSnapshot {
        id: 26,
        code: "preposition_two_way",
        name: "Preposicion doble",
        created_at: "<created_at>",
        deleted_at: "<deleted_at>",
    },
    GramTypeSnapshot {
        id: 27,
        code: "conjunction_coordinating",
        name: "Conjuncion coordinante",
        created_at: "<created_at>",
        deleted_at: "<deleted_at>",
    },
    GramTypeSnapshot {
        id: 28,
        code: "conjunction_subordinating",
        name: "Conjuncion subordinante",
        created_at: "<created_at>",
        deleted_at: "<deleted_at>",
    },
    GramTypeSnapshot {
        id: 29,
        code: "particle_modal",
        name: "Particula modal",
        created_at: "<created_at>",
        deleted_at: "<deleted_at>",
    },
    GramTypeSnapshot {
        id: 30,
        code: "particle_focus",
        name: "Particula enfoque",
        created_at: "<created_at>",
        deleted_at: "<deleted_at>",
    },
    GramTypeSnapshot {
        id: 31,
        code: "particle_negation",
        name: "Particula negacion",
        created_at: "<created_at>",
        deleted_at: "<deleted_at>",
    },
    GramTypeSnapshot {
        id: 32,
        code: "particle_answer",
        name: "Particula respuesta",
        created_at: "<created_at>",
        deleted_at: "<deleted_at>",
    },
    GramTypeSnapshot {
        id: 33,
        code: "numeral_cardinal",
        name: "Numeral cardinal",
        created_at: "<created_at>",
        deleted_at: "<deleted_at>",
    },
    GramTypeSnapshot {
        id: 34,
        code: "numeral_ordinal",
        name: "Numeral ordinal",
        created_at: "<created_at>",
        deleted_at: "<deleted_at>",
    },
    GramTypeSnapshot {
        id: 35,
        code: "interjection",
        name: "Interjeccion",
        created_at: "<created_at>",
        deleted_at: "<deleted_at>",
    },
    GramTypeSnapshot {
        id: 36,
        code: "fixed_phrase",
        name: "Frase fija",
        created_at: "<created_at>",
        deleted_at: "<deleted_at>",
    },
    GramTypeSnapshot {
        id: 37,
        code: "prefix_separable",
        name: "Prefijo separable",
        created_at: "<created_at>",
        deleted_at: "<deleted_at>",
    },
    GramTypeSnapshot {
        id: 38,
        code: "pattern_verb_dativ",
        name: "Patron verbo dativo",
        created_at: "<created_at>",
        deleted_at: "<deleted_at>",
    },
    GramTypeSnapshot {
        id: 39,
        code: "pattern_verb_akkusativ",
        name: "Patron verbo acusativo",
        created_at: "<created_at>",
        deleted_at: "<deleted_at>",
    },
    GramTypeSnapshot {
        id: 40,
        code: "pattern_verb_dat_akk",
        name: "Patron verbo dativo-acusativo",
        created_at: "<created_at>",
        deleted_at: "<deleted_at>",
    },
]
