---
source: app/src/db/repositories/gram_type/gram_type_test.rs
expression: res_2
---
[
    Snapshot {
        id: 1,
        code: "abc",
        name: "def",
        created_at: "<created_at>",
        deleted_at: "<deleted_at>",
    },
    Snapshot {
        id: 2,
        code: "987",
        name: "zyw",
        created_at: "<created_at>",
        deleted_at: "<deleted_at>",
    },
]
